<html>
<body>
<pre>
<h1>µVision Build Log</h1>
<h2>Tool Versions:</h2>
IDE-Version: µVision V5.21.1.0
Copyright (C) 2016 ARM Ltd and ARM Germany GmbH. All rights reserved.
License Information: Zachary Campanella, Rochester Institute of Technology, LIC=----
 
Tool Versions:
Toolchain:       MDK-Lite  Version: 5.21a
Toolchain Path:  D:\Keil_v5\ARM\ARMCC\Bin
C Compiler:      Armcc.exe V5.06 update 3 (build 300)
Assembler:       Armasm.exe V5.06 update 3 (build 300)
Linker/Locator:  ArmLink.exe V5.06 update 3 (build 300)
Library Manager: ArmAr.exe V5.06 update 3 (build 300)
Hex Converter:   FromElf.exe V5.06 update 3 (build 300)
CPU DLL:         SARMCM3.DLL V5.21a
Dialog DLL:      DCM.DLL V1.13.8.0
Target DLL:      CMSIS_AGDI.dll V1.26.5.0
Dialog DLL:      TCM.DLL V1.14.14.0
 
<h2>Project:</h2>
C:\Users\Nonordon\Google Drive\school work\College\Fall 2016\CMPE460\NXP_cup_straight_line_follow\straight_line_follow.uvprojx
Project File Date:  11/10/2016

<h2>Output:</h2>
*** Using Compiler 'V5.06 update 3 (build 300)', folder: 'D:\Keil_v5\ARM\ARMCC\Bin'
Build target 'Target 1'
compiling camera.c...
camera.h(8): warning:  #1-D: last line of file ends without a newline
  #endif /* CAMERA_H_ */
camera.c(313): warning:  #1-D: last line of file ends without a newline
  }
camera.c(89): warning:  #177-D: function "ADC1_IRQHandler" was declared but never referenced
  static void ADC1_IRQHandler(void) 
camera.c: 6 warnings, 0 errors
#177-D: function "PIT0_IRQHandler" was declared but never referenced
  static void PIT0_IRQHandler(void)
camera.c(123): warning:  #177-D: function "FTM0_IRQHandler" was declared but never referenced
  static void FTM0_IRQHandler(void)
camera.c(303): warning:  #177-D: function "pdb_init" was declared but never referenced
  static void pdb_init(void)
linking...
Program Size: Code=4268 RO-data=1056 RW-data=44 ZI-data=1732  
".\Objects\straight_line_follow.axf" - 0 Error(s), 5 Warning(s).

<h2>Software Packages used:</h2>

Package Vendor: ARM
                http://www.keil.com/pack/ARM.CMSIS.4.5.0.pack
                ARM::CMSIS:CORE:4.3.0
                CMSIS (Cortex Microcontroller Software Interface Standard)
   * Component: CORE Version: 4.3.0

Package Vendor: Keil
                http://www.keil.com/pack/Keil.Kinetis_K60_DFP.1.4.0.pack
                Keil::Device:Startup:1.0.0
                Freescale Kinetis K60 Series Device Support and Examples
   * Component: Startup Version: 1.0.0

<h2>Collection of Component include folders:</h2>
  C:\Users\Nonordon\Google Drive\school work\College\Fall 2016\CMPE460\NXP_cup_straight_line_follow\RTE
  D:\Keil_v5\ARM\PACK\ARM\CMSIS\4.5.0\CMSIS\Include
  D:\Keil_v5\ARM\PACK\Keil\Kinetis_K60_DFP\1.4.0\Device\Include

<h2>Collection of Component Files used:</h2>

   * Component: ARM::CMSIS:CORE:4.3.0

   * Component: Keil::Device:Startup:1.0.0
      Source file:   Device\Source\system_MK64F12.c
      Source file:   Device\Source\ARM\startup_MK64F12.s
Build Time Elapsed:  00:00:01
</pre>
</body>
</html>
